// Vitest Snapshot v1

exports[`ProductItem > render > should render component  1`] = `
<div
  class="border-b-1 text-left"
>
  <article
    class="flex"
  >
    <div
      class="relative mr-2 flex w-7/12 justify-center"
    >
      <product-item-image
        class="absolute max-h-full object-contain"
        srcset-obj="[object Object]"
      />
    </div>
    <div>
      <p>
        <span
          class="text-base underline"
        >
          ref: 166174
        </span>
      </p>
      <h3>
        Canap√©-lit style scandinave 3 places gris clair
      </h3>
      <p>
        <product-item-price
          item="[object Object]"
        />
      </p>
      <div
        class="flex"
      >
        <button
          class="rounded border border-blue-500 bg-transparent py-1 px-1 font-semibold text-blue-700 hover:border-transparent hover:bg-blue-500 hover:text-white"
          data-test="removeQty"
        >
           - 
        </button>
        <input
          class="w-10 text-center"
          disabled=""
          min="1"
          type="number"
        />
        <button
          class="rounded border border-blue-500 bg-transparent py-1 px-1 font-semibold text-blue-700 hover:border-transparent hover:bg-blue-500 hover:text-white"
          data-test="addQty"
        >
           + 
        </button>
      </div>
      <button
        class="mt-2 rounded bg-blue-500 py-2 px-4 font-bold text-white hover:bg-blue-700"
        data-test="delete"
      >
         Supprimer 
      </button>
    </div>
  </article>
</div>
`;
